usage: relabel.py [-h] [--kld-scale KLD_SCALE]
                  [--margin-between-b-and-m MARGIN_BETWEEN_B_AND_M]
                  [--sleep SLEEP] [--is-valid IS_VALID]
                  [--is-draw-tsne IS_DRAW_TSNE] [--is-ovl IS_OVL]
                  [--valid_date VALID_DATE]
                  [--is-enc-kld-custom-mid IS_ENC_KLD_CUSTOM_MID]
                  [--centroid-type [{fam,bin}]] [--kld-beta KLD_BETA]
                  [--is-only-test-eval-without-al IS_ONLY_TEST_EVAL_WITHOUT_AL]
                  [--step-month STEP_MONTH]
                  [--is-accum-samples-load IS_ACCUM_SAMPLES_LOAD]
                  [--is-accum-samples-save IS_ACCUM_SAMPLES_SAVE]
                  [--is-for-no-drift IS_FOR_NO_DRIFT]
                  [--kld_anneal_init KLD_ANNEAL_INIT]
                  [--kld_anneal_warm KLD_ANNEAL_WARM] [--data DATA]
                  [--mdate MDATE] [--clsdate CLSDATE] [--train TRAIN]
                  [--train_start TRAIN_START] [--train_end TRAIN_END]
                  [--benign_zero] [--test_start TEST_START]
                  [--test_end TEST_END]
                  [--loss_func {triplet,triplet-mse,triplet-mse-kld-ensemble-xent,triplet-mse-xent,hi-dist-xent,hi-dist-kld-custom-xent-ensemble2,hi-dist-vae-custom-xent-ensemble3,hi-dist-kld-custom-xent-ensemble4,hi-dist-kld-custom-xent-ensemble5,hi-dist-kld-custom-xent-ensemble6,hi-dist-kld-custom-xent-ensemble7,hi-dist-kld-custom-xent-ensemble8,triplet-kld-ensemble-xent,triplet-xent}]
                  [--al] [--accumulate_data] [--transcend]
                  [--criteria {cred,conf,cred+conf}] [--ood]
                  [--ood_kld_ensemble] [--local_pseudo_loss]
                  [--reduce {none,max,mean}] [--sample_reduce {mean,max}]
                  [--unc] [--rand] [--count COUNT] [--result RESULT]
                  [--encoder {cae,enc,mlp,simple-enc-mlp,enc-kld-custom-mlp-ensemble2,enc-vae-custom-mlp-ensemble3,enc-kld-custom-mlp-ensemble4,cae-kld-ensemble-mlp,cae-mlp,enc-kld-custom-mlp-ensemble5,enc-kld-custom-mlp-ensemble6,enc-kld-custom-mlp-ensemble7,enc-kld-custom-mlp-ensemble8,triplet-mlp,triplet-kld-ensemble-mlp,triplet-kld-only-mlp,enc-kld-custom-mlp-only6,cae-kld-only-mlp}]
                  [--encoder-retrain] [--cold-start]
                  [-c {mlp,svm,gbdt,simple-enc-mlp,enc-kld-custom-mlp-ensemble2,enc-vae-custom-mlp-ensemble3,enc-kld-custom-mlp-ensemble4,cae-kld-ensemble-mlp,cae-mlp,enc-kld-custom-mlp-ensemble5,enc-kld-custom-mlp-ensemble6,enc-kld-custom-mlp-ensemble7,enc-kld-custom-mlp-ensemble8,triplet-mlp,triplet-kld-ensemble-mlp,triplet-kld-only-mlp,enc-kld-custom-mlp-only6,cae-kld-only-mlp}]
                  [--svm-c SVM_C] [--max_depth MAX_DEPTH]
                  [--num_round NUM_ROUND] [--eta ETA] [--multi_class]
                  [--eval_multi] [--verbose] [--enc-hidden ENC_HIDDEN]
                  [--bsize BSIZE] [--plb PLB]
                  [--sample-per-class SAMPLE_PER_CLASS]
                  [--min-per-class MIN_PER_CLASS]
                  [--learning_rate LEARNING_RATE]
                  [--warm_learning_rate WARM_LEARNING_RATE]
                  [--scheduler {step,cosine}] [--lr_decay_rate LR_DECAY_RATE]
                  [--lr_decay_epochs LR_DECAY_EPOCHS] [--optimizer {adam,sgd}]
                  [--al_optimizer {adam,sgd}] [--epochs EPOCHS]
                  [--al_epochs AL_EPOCHS] [--xent-lambda XENT_LAMBDA]
                  [--log_path LOG_PATH] [--retrain-first RETRAIN_FIRST]
                  [--sampler {mperclass,proportional,half,triplet,random}]
                  [--snapshot] [--mse-lambda MSE_LAMBDA]
                  [--cae-hidden CAE_HIDDEN] [--cae-batch-size CAE_BATCH_SIZE]
                  [--cae-lr CAE_LR] [--cae-epochs CAE_EPOCHS]
                  [--cae-lambda CAE_LAMBDA] [--triplet-lambda TRIPLET_LAMBDA]
                  [--margin MARGIN] [--display-interval DISPLAY_INTERVAL]
                  [--mad-threshold MAD_THRESHOLD] [--cls-retrain {0,1}]
                  [--cls-feat {encoded,input}] [--mlp-hidden MLP_HIDDEN]
                  [--mlp-batch-size MLP_BATCH_SIZE] [--mlp-lr MLP_LR]
                  [--mlp-epochs MLP_EPOCHS] [--mlp-warm-lr MLP_WARM_LR]
                  [--mlp-warm-epochs MLP_WARM_EPOCHS]
                  [--mlp-dropout MLP_DROPOUT]
                  [--mlp-display-interval MLP_DISPLAY_INTERVAL]
relabel.py: error: unrecognized arguments: \
